// Jest Snapshot v1, https://goo.gl/fbAQLP

exports[`#createAccountEntity should convert to entity 1`] = `
{
  "_class": [
    "Account",
  ],
  "_key": "datadog_account:local-integration",
  "_rawData": [
    {
      "name": "default",
      "rawData": {
        "name": "Local Integration",
      },
    },
  ],
  "_type": "datadog_account",
  "createdOn": undefined,
  "displayName": "Local Integration",
  "name": "Local Integration",
}
`;

exports[`#createOrganizationAccountEntity should convert to entity 1`] = `
{
  "_class": [
    "Account",
  ],
  "_key": "datadog_account:96bd2d8e-4625-11ec-a18c-da7ad0900002",
  "_rawData": [
    {
      "name": "default",
      "rawData": {
        "billing": {
          "type": "cc",
        },
        "name": "JupiterOne Inc.",
        "publicId": "96bd2d8e-4625-11ec-a18c-da7ad0900002",
        "settings": {
          "privateWidgetShare": false,
          "saml": {
            "enabled": false,
          },
          "samlAutocreateAccessRole": "st",
          "samlAutocreateUsersDomains": {
            "domains": [],
            "enabled": false,
          },
          "samlCanBeEnabled": false,
          "samlIdpInitiatedLogin": {
            "enabled": false,
          },
          "samlIdpMetadataUploaded": false,
          "samlStrictMode": {
            "enabled": false,
          },
        },
        "subscription": {
          "type": "pro",
        },
      },
    },
  ],
  "_type": "datadog_account",
  "billingType": "cc",
  "createdOn": undefined,
  "description": "",
  "displayName": "JupiterOne Inc.",
  "name": "JupiterOne Inc.",
  "settings.privateWidgetShare": false,
  "settings.samlAutocreateAccessRole": "st",
  "settings.samlAutocreateUsersDomainsEnabled": false,
  "settings.samlCanBeEnabled": false,
  "settings.samlEnabled": false,
  "settings.samlIdpEndpoint": undefined,
  "settings.samlIdpInitiatedLoginEnabled": false,
  "settings.samlIdpMetadataUploaded": false,
  "settings.samlLoginUrl": undefined,
  "settings.samlStrictModeEnabled": false,
  "subscriptionType": "pro",
}
`;
